BL51 BANKED LINKER/LOCATER V6.22                                                        07/02/2020  14:45:55  PAGE 1


BL51 BANKED LINKER/LOCATER V6.22, INVOKED BY:
C:\KEIL_V5\C51\BIN\BL51.EXE .\Objects\main.obj, .\Objects\usb.obj, .\Objects\DEBUG.obj, .\Objects\rgbled.obj, .\Objects\
>> RGBLOAD.obj TO .\Objects\RGBKeyBoard PRINT (.\Listings\RGBKeyBoard.m51) IXREF RAMSIZE (256) DISABLEWARNING (15)


MEMORY MODEL: LARGE


INPUT MODULES INCLUDED:
  .\Objects\main.obj (MAIN)
  .\Objects\usb.obj (USB)
  .\Objects\DEBUG.obj (DEBUG)
  .\Objects\rgbled.obj (RGBLED)
  .\Objects\RGBLOAD.obj (RGBLOAD)
  C:\KEIL_V5\C51\LIB\C51L.LIB (?C_STARTUP)
  C:\KEIL_V5\C51\LIB\C51L.LIB (?C?COPY)
  C:\KEIL_V5\C51\LIB\C51L.LIB (?C?CLDPTR)
  C:\KEIL_V5\C51\LIB\C51L.LIB (?C?CSTPTR)
  C:\KEIL_V5\C51\LIB\C51L.LIB (?C?SIDIV)
  C:\KEIL_V5\C51\LIB\C51L.LIB (?C?IILDX)
  C:\KEIL_V5\C51\LIB\C51L.LIB (?C?ULDIV)
  C:\KEIL_V5\C51\LIB\C51L.LIB (?C?LSTXDATA)
  C:\KEIL_V5\C51\LIB\C51L.LIB (?C?LSTKXDATA)
  C:\KEIL_V5\C51\LIB\C51L.LIB (?C?CCASE)
  C:\KEIL_V5\C51\LIB\C51L.LIB (RAND)
  C:\KEIL_V5\C51\LIB\C51L.LIB (?C?MEMCMP)
  C:\KEIL_V5\C51\LIB\C51L.LIB (?C?MEMCHR)
  C:\KEIL_V5\C51\LIB\C51L.LIB (?C?MEMSET)
  C:\KEIL_V5\C51\LIB\C51L.LIB (?C_INIT)
  C:\KEIL_V5\C51\LIB\C51L.LIB (?C?UIDIV)
  C:\KEIL_V5\C51\LIB\C51L.LIB (?C?LLDXDATA)


LINK MAP OF MODULE:  .\Objects\RGBKeyBoard (MAIN)


            TYPE    BASE      LENGTH    RELOCATION   SEGMENT NAME
            -----------------------------------------------------

            * * * * * * *   D A T A   M E M O R Y   * * * * * * *
            REG     0000H     0008H     ABSOLUTE     "REG BANK 0"
            REG     0008H     0008H     ABSOLUTE     "REG BANK 1"
            DATA    0010H     0001H     UNIT         _DATA_GROUP_
            IDATA   0011H     0002H     UNIT         ?ID?RGBLED
                    0013H     000DH                  *** GAP ***
            BIT     0020H.0   0000H.4   UNIT         ?BI?RGBLED
            BIT     0020H.4   0000H.1   UNIT         ?BI?USB
                    0020H.5   0000H.3                *** GAP ***
            DATA    0021H     0018H     UNIT         ?DT?RGBLED
            IDATA   0039H     0001H     UNIT         ?STACK

            * * * * * * *  X D A T A   M E M O R Y  * * * * * * *
            XDATA   0000H     0459H     UNIT         ?XD?RGBLED
            XDATA   0459H     020BH     UNIT         ?XD?USB
            XDATA   0664H     0026H     UNIT         _XDATA_GROUP_
            XDATA   068AH     0005H     UNIT         ?XD?MINITSTDIO?DEBUG
            XDATA   068FH     0004H     UNIT         ?XD?RAND?RAND

BL51 BANKED LINKER/LOCATER V6.22                                                      07/02/2020  14:45:55  PAGE 2


            * * * * * * *   C O D E   M E M O R Y   * * * * * * *
            CODE    0000H     0003H     ABSOLUTE     
            CODE    0003H     0017H     UNIT         ?PR?_MDELAYMS?DEBUG
                    001AH     0001H                  *** GAP ***
            CODE    001BH     0003H     ABSOLUTE     
            CODE    001EH     0014H     UNIT         ?PR?_MDELAYUS?DEBUG
            CODE    0032H     0008H     UNIT         ?PR?CH555UART0ALTER?DEBUG
                    003AH     0001H                  *** GAP ***
            CODE    003BH     0003H     ABSOLUTE     
            CODE    003EH     0014H     UNIT         ?PR?INIT_TIMER?RGBLED
                    0052H     0009H                  *** GAP ***
            CODE    005BH     0003H     ABSOLUTE     
            CODE    005EH     0639H     UNIT         ?C_INITSEG
            CODE    0697H     051DH     UNIT         ?C?LIB_CODE
            CODE    0BB4H     04D0H     UNIT         ?PR?USB_DEVICEINTERRUPT?USB
            CODE    1084H     0212H     UNIT         ?PR?_PUTCHAR?DEBUG
            CODE    1296H     01C2H     UNIT         ?PR?_KEY_PORCESS?RGBLED
            CODE    1458H     0177H     UNIT         ?PR?LED_INT?RGBLED
            CODE    15CFH     00E7H     UNIT         ?PR?_KEY_UP_DATA?RGBLED
            CODE    16B6H     00DFH     UNIT         ?PR?RGBLED
            CODE    1795H     00CDH     UNIT         ?CO?USB
            CODE    1862H     00B2H     UNIT         ?PR?USB
            CODE    1914H     00B0H     UNIT         ?PR?MTIMER1INTERRUPT?RGBLED
            CODE    19C4H     0092H     UNIT         ?PR?SHOWLOGO?RGBLED
            CODE    1A56H     008CH     UNIT         ?C_C51STARTUP
            CODE    1AE2H     0087H     UNIT         ?PR?SLEEPWITHKEY?USB
            CODE    1B69H     0080H     UNIT         ?CO?RGBLED
            CODE    1BE9H     007BH     UNIT         ?PR?LED_LOAD?RGBLOAD
            CODE    1C64H     0075H     UNIT         ?PR?MINITSTDIO?DEBUG
            CODE    1CD9H     004DH     UNIT         ?PR?INITRGBLED?RGBLED
            CODE    1D26H     004DH     UNIT         ?PR?RAND?RAND
            CODE    1D73H     0049H     UNIT         ?PR?MAIN?MAIN
            CODE    1DBCH     0040H     UNIT         ?PR?PARAMINIT?RGBLED
            CODE    1DFCH     0036H     UNIT         ?PR?ENP1INTIN?RGBLED
            CODE    1E32H     0022H     UNIT         ?PR?INITUSB_DEVICE?USB
            CODE    1E54H     0021H     UNIT         ?PR?DEBUG
            CODE    1E75H     001EH     UNIT         ?PR?CFGFSYS?DEBUG
            CODE    1E93H     000EH     UNIT         ?PR?_MTIMER1SETDATA?RGBLED
            CODE    1EA1H     000AH     UNIT         ?PR?_MTIMER1MODSETUP?RGBLED



OVERLAY MAP OF MODULE:   .\Objects\RGBKeyBoard (MAIN)


SEGMENT                               DATA_GROUP          XDATA_GROUP
  +--> CALLED SEGMENT               START    LENGTH     START    LENGTH
-----------------------------------------------------------------------
?PR?USB_DEVICEINTERRUPT?USB         -----    -----      0664H    0003H
  +--> ?PR?USB
  +--> ?CO?USB
  +--> ?PR?SLEEPWITHKEY?USB

?PR?SLEEPWITHKEY?USB                -----    -----      0667H    0001H
  +--> ?PR?_PUTCHAR?DEBUG
  +--> ?PR?_MDELAYMS?DEBUG

BL51 BANKED LINKER/LOCATER V6.22                                                      07/02/2020  14:45:55  PAGE 3


?PR?_MDELAYMS?DEBUG                 -----    -----      -----    -----
  +--> ?PR?_MDELAYUS?DEBUG

?PR?_MDELAYUS?DEBUG                 -----    -----      -----    -----
  +--> ?PR?DEBUG

*** NEW ROOT ***************************************************

?PR?LED_INT?RGBLED                  0010H    0001H      -----    -----
  +--> ?PR?RGBLED
  +--> ?PR?_KEY_PORCESS?RGBLED
  +--> ?PR?LED_LOAD?RGBLOAD

?PR?RGBLED                          -----    -----      -----    -----
  +--> ?CO?RGBLED

?PR?_KEY_PORCESS?RGBLED             -----    -----      0668H    001DH
  +--> ?PR?RGBLED
  +--> ?CO?RGBLED

*** NEW ROOT ***************************************************

?PR?MTIMER1INTERRUPT?RGBLED         -----    -----      -----    -----
  +--> ?PR?_MTIMER1SETDATA?RGBLED

*** NEW ROOT ***************************************************

?C_C51STARTUP                       -----    -----      -----    -----
  +--> ?PR?MAIN?MAIN
  +--> ?C_INITSEG

?PR?MAIN?MAIN                       -----    -----      -----    -----
  +--> ?PR?CFGFSYS?DEBUG
  +--> ?PR?_MDELAYMS?DEBUG
  +--> ?PR?PARAMINIT?RGBLED
  +--> ?PR?INITUSB_DEVICE?USB
  +--> ?PR?INITRGBLED?RGBLED
  +--> ?PR?SHOWLOGO?RGBLED
  +--> ?PR?INIT_TIMER?RGBLED
  +--> ?PR?_KEY_UP_DATA?RGBLED

?PR?PARAMINIT?RGBLED                -----    -----      -----    -----
  +--> ?PR?RGBLED

?PR?INITUSB_DEVICE?USB              -----    -----      -----    -----
  +--> ?PR?USB

?PR?SHOWLOGO?RGBLED                 -----    -----      -----    -----
  +--> ?PR?RGBLED
  +--> ?PR?_MDELAYMS?DEBUG

?PR?INIT_TIMER?RGBLED               -----    -----      -----    -----
  +--> ?PR?_MTIMER1MODSETUP?RGBLED
  +--> ?PR?_MTIMER1SETDATA?RGBLED

?PR?_KEY_UP_DATA?RGBLED             -----    -----      0685H    0005H
  +--> ?PR?RGBLED
BL51 BANKED LINKER/LOCATER V6.22                                                      07/02/2020  14:45:55  PAGE 4


  +--> ?PR?ENP1INTIN?RGBLED
  +--> ?PR?RAND?RAND

?PR?ENP1INTIN?RGBLED                -----    -----      -----    -----
  +--> ?PR?_PUTCHAR?DEBUG



SYMBOL TABLE OF MODULE:  .\Objects\RGBKeyBoard (MAIN)

  VALUE           TYPE          NAME
  ----------------------------------

  -------         MODULE        MAIN
  C:0000H         SYMBOL        _ICE_DUMMY_
  D:0080H         PUBLIC        P0
  D:0090H         PUBLIC        P1
  D:00A0H         PUBLIC        P2
  D:00B0H         PUBLIC        P3
  D:00C0H         PUBLIC        P4
  B:00A8H.7       PUBLIC        EA
  D:00E8H         PUBLIC        IE_EX
  D:00A8H         PUBLIC        IE
  D:00B8H         PUBLIC        IP
  C:1D73H         PUBLIC        main
  D:0098H         PUBLIC        SCON
  D:0088H         PUBLIC        TCON
  D:00F8H         PUBLIC        SPI0_STAT
  D:00AFH         PUBLIC        P6_DIR
  D:00AEH         PUBLIC        P6_OUT_PU
  D:00C8H         PUBLIC        T2CON
  D:00D0H         PUBLIC        PSW
  -------         PROC          MAIN
  C:1D73H         LINE#         11
  C:1D73H         LINE#         12
  C:1D76H         LINE#         13
  C:1D7DH         LINE#         15
  C:1D80H         LINE#         21
  C:1D83H         LINE#         22
  C:1D86H         LINE#         25
  C:1D89H         LINE#         26
  C:1D8BH         LINE#         27
  C:1D91H         LINE#         28
  C:1D98H         LINE#         30
  C:1D9BH         LINE#         31
  C:1DA0H         LINE#         32
  C:1DA2H         LINE#         33
  C:1DA4H         LINE#         36
  C:1DA7H         LINE#         37
  C:1DAAH         LINE#         39
  C:1DAAH         LINE#         40
  C:1DADH         LINE#         41
  C:1DB8H         LINE#         42
  C:1DBAH         LINE#         43
  C:1DBAH         LINE#         44
  -------         ENDPROC       MAIN
  -------         ENDMOD        MAIN
BL51 BANKED LINKER/LOCATER V6.22                                                      07/02/2020  14:45:55  PAGE 5



  -------         MODULE        USB
  C:0000H         SYMBOL        _ICE_DUMMY_
  D:0080H         PUBLIC        P0
  D:0090H         PUBLIC        P1
  D:00A0H         PUBLIC        P2
  D:00B0H         PUBLIC        P3
  B:00E8H.5       PUBLIC        IE_PWM_I2C
  D:00C0H         PUBLIC        P4
  D:00C1H         PUBLIC        P4_LED_KEY
  X:045FH         PUBLIC        UsbConfig
  B:00A8H.7       PUBLIC        EA
  D:00E8H         PUBLIC        IE_EX
  D:00A8H         PUBLIC        IE
  D:00E9H         PUBLIC        IP_EX
  D:00B8H         PUBLIC        IP
  X:0460H         PUBLIC        FLAG
  B:0020H.4       SYMBOL        sleep
  D:00F7H         PUBLIC        LED_STATUS
  C:17E5H         PUBLIC        MY_HID_Report_Desc
  D:00B2H         PUBLIC        GPIO_IE
  D:0087H         PUBLIC        PCON
  D:0098H         PUBLIC        SCON
  D:0088H         PUBLIC        TCON
  C:1E32H         PUBLIC        InitUSB_Device
  D:00C2H         PUBLIC        P4_MOD_OC
  D:00F8H         PUBLIC        SPI0_STAT
  C:1844H         PUBLIC        MyLangDescr
  D:00A9H         PUBLIC        WAKE_CTRL
  X:0461H         PUBLIC        USBRGBdataBuffer
  C:1AE2H         PUBLIC        SleepWithKey
  C:1802H         PUBLIC        MyCfgDescr
  X:0661H         PUBLIC        Feature
  C:17A7H         PUBLIC        KeyRepDesc
  B:00E8H.1       PUBLIC        IE_USB
  C:1795H         PUBLIC        MyDevDescr
  D:00A1H         PUBLIC        SAFE_MOD
  X:0662H         SYMBOL        USB_IO
  D:00B1H         PUBLIC        GLOBAL_CFG
  D:00C8H         PUBLIC        T2CON
  C:1848H         PUBLIC        MyManuInfo
  C:1856H         PUBLIC        MyProdInfo
  C:0BB4H         PUBLIC        USB_DeviceInterrupt
  D:00D0H         PUBLIC        PSW
  C:1862H         SYMBOL        Com0093
  C:1862H         SYMBOL        L?0148
  C:1862H         SYMBOL        L?0149
  C:1869H         SYMBOL        L?0150
  C:187EH         SYMBOL        L?0151
  C:18A7H         SYMBOL        L?0152
  C:18A7H         SYMBOL        L?0153
  C:18AFH         SYMBOL        L?0154
  C:18C6H         SYMBOL        L?0155
  C:18CAH         SYMBOL        L?0156
  C:18CBH         SYMBOL        L?0157
  C:18D3H         SYMBOL        L?0158
  C:18E8H         SYMBOL        L?0159
BL51 BANKED LINKER/LOCATER V6.22                                                      07/02/2020  14:45:55  PAGE 6


  C:18F8H         SYMBOL        L?0160
  C:1902H         SYMBOL        L?0161
  C:190DH         SYMBOL        L?0162
  C:190DH         SYMBOL        L?0163
  -------         PROC          COM0093
  -------         ENDPROC       COM0093
  -------         PROC          SLEEPWITHKEY
  -------         DO            
  X:0667H         SYMBOL        savePortCfg
  -------         ENDDO         
  C:1AE2H         LINE#         135
  C:1AE2H         LINE#         136
  C:1AE2H         LINE#         139
  C:1AE7H         LINE#         140
  C:1AECH         LINE#         141
  C:1AEEH         LINE#         142
  C:1AF1H         LINE#         143
  C:1AF4H         LINE#         144
  C:1AFBH         LINE#         147
  C:1B00H         LINE#         150
  C:1B08H         LINE#         151
  C:1B0FH         LINE#         157
  C:1B12H         LINE#         164
  C:1B13H         LINE#         165
  C:1B1BH         LINE#         166
  C:1B20H         LINE#         167
  C:1B23H         LINE#         168
  C:1B26H         LINE#         169
  C:1B26H         LINE#         170
  C:1B2EH         LINE#         171
  C:1B35H         LINE#         172
  C:1B3CH         LINE#         173
  C:1B51H         LINE#         175
  C:1B57H         LINE#         178
  C:1B5DH         LINE#         179
  C:1B60H         LINE#         180
  C:1B62H         LINE#         182
  C:1B64H         LINE#         183
  -------         ENDPROC       SLEEPWITHKEY
  -------         PROC          USB_DEVICEINTERRUPT
  -------         DO            
  X:0664H         SYMBOL        len
  X:0665H         SYMBOL        us
  X:0666H         SYMBOL        i
  X:0459H         SYMBOL        D0SetupReqCode
  X:045AH         SYMBOL        D0SetupLen
  X:045BH         SYMBOL        CMD
  X:045CH         SYMBOL        pD0Descr
  C:0BC1H         SYMBOL        USB_DevIntNext
  -------         ENDDO         
  C:0BB4H         LINE#         186
  C:0BC1H         LINE#         191
  C:0BC1H         LINE#         192
  C:0BC9H         LINE#         193
  C:0BD0H         LINE#         194
  C:0BD0H         LINE#         195
  C:0C13H         LINE#         196
BL51 BANKED LINKER/LOCATER V6.22                                                      07/02/2020  14:45:55  PAGE 7


  C:0C13H         LINE#         197
  C:0C13H         LINE#         198
  C:0C13H         LINE#         199
  C:0C1EH         LINE#         200
  C:0C1EH         LINE#         201
  C:0C2DH         LINE#         202
  C:0C30H         LINE#         203
  C:0C41H         LINE#         204
  C:0C45H         LINE#         205
  C:0C4DH         LINE#         206
  C:0C54H         LINE#         207
  C:0C57H         LINE#         208
  C:0C57H         LINE#         209
  C:0C5EH         LINE#         210
  C:0C5EH         LINE#         211
  C:0C60H         LINE#         212
  C:0C60H         LINE#         213
  C:0C65H         LINE#         214
  C:0C65H         LINE#         215
  C:0C68H         LINE#         216
  C:0C68H         LINE#         217
  C:0C68H         LINE#         218
  C:0C68H         LINE#         219
  C:0C68H         LINE#         220
  C:0C72H         LINE#         221
  C:0C7AH         LINE#         222
  C:0C8EH         LINE#         223
  C:0C94H         LINE#         224
  C:0CA5H         LINE#         225
  C:0CA5H         LINE#         226
  C:0CABH         LINE#         227
  C:0CABH         LINE#         228
  C:0CABH         LINE#         229
  C:0CABH         LINE#         230
  C:0CABH         LINE#         231
  C:0CABH         LINE#         232
  C:0CADH         LINE#         233
  C:0CADH         LINE#         234
  C:0CB3H         LINE#         235
  C:0CB8H         LINE#         236
  C:0CBCH         LINE#         237
  C:0CBCH         LINE#         238
  C:0CBCH         LINE#         239
  C:0CC1H         LINE#         240
  C:0CC1H         LINE#         241
  C:0CC1H         LINE#         242
  C:0CC4H         LINE#         243
  C:0CC4H         LINE#         244
  C:0CCCH         LINE#         245
  C:0CCCH         LINE#         246
  C:0CCCH         LINE#         247
  C:0CCCH         LINE#         248
  C:0CCFH         LINE#         249
  C:0CCFH         LINE#         250
  C:0CD6H         LINE#         251
  C:0CD9H         LINE#         252
  C:0CDCH         LINE#         253
BL51 BANKED LINKER/LOCATER V6.22                                                      07/02/2020  14:45:55  PAGE 8


  C:0CDEH         LINE#         254
  C:0CF3H         LINE#         256
  C:0CF3H         LINE#         257
  C:0CF3H         LINE#         258
  C:0CF6H         LINE#         259
  C:0CF6H         LINE#         260
  C:0CFFH         LINE#         261
  C:0D0DH         LINE#         262
  C:0D10H         LINE#         263
  C:0D10H         LINE#         264
  C:0D10H         LINE#         265
  C:0D10H         LINE#         266
  C:0D13H         LINE#         267
  C:0D13H         LINE#         268
  C:0D1AH         LINE#         269
  C:0D1DH         LINE#         270
  C:0D1DH         LINE#         271
  C:0D1DH         LINE#         272
  C:0D20H         LINE#         273
  C:0D20H         LINE#         274
  C:0D20H         LINE#         275
  C:0D20H         LINE#         276
  C:0D20H         LINE#         277
  C:0D20H         LINE#         278
  C:0D20H         LINE#         279
  C:0D20H         LINE#         280
  C:0D29H         LINE#         281
  C:0D34H         LINE#         282
  C:0D3EH         LINE#         283
  C:0D45H         LINE#         284
  C:0D48H         LINE#         285
  C:0D48H         LINE#         286
  C:0D63H         LINE#         287
  C:0D63H         LINE#         288
  C:0D63H         LINE#         289
  C:0D63H         LINE#         290
  C:0D69H         LINE#         291
  C:0D6BH         LINE#         293
  C:0D74H         LINE#         294
  C:0D76H         LINE#         295
  C:0D7DH         LINE#         296
  C:0D80H         LINE#         298
  C:0D8EH         LINE#         299
  C:0D92H         LINE#         300
  C:0D9AH         LINE#         301
  C:0DA1H         LINE#         302
  C:0DA1H         LINE#         304
  C:0DA4H         LINE#         305
  C:0DA4H         LINE#         306
  C:0DA4H         LINE#         307
  C:0DAAH         LINE#         308
  C:0DB3H         LINE#         309
  C:0DB6H         LINE#         310
  C:0DB6H         LINE#         311
  C:0DB6H         LINE#         312
  C:0DB6H         LINE#         313
  C:0DB6H         LINE#         314
BL51 BANKED LINKER/LOCATER V6.22                                                      07/02/2020  14:45:55  PAGE 9


  C:0DB6H         LINE#         315
  C:0DB6H         LINE#         316
  C:0DB6H         LINE#         317
  C:0DB6H         LINE#         318
  C:0DBEH         LINE#         319
  C:0DD3H         LINE#         320
  C:0DD8H         LINE#         321
  C:0DE0H         LINE#         322
  C:0DEBH         LINE#         323
  C:0E1FH         LINE#         324
  C:0E1FH         LINE#         325
  C:0E35H         LINE#         326
  C:0E35H         LINE#         327
  C:0E3FH         LINE#         328
  C:0E45H         LINE#         329
  C:0E48H         LINE#         330
  C:0E48H         LINE#         331
  C:0E52H         LINE#         332
  C:0E58H         LINE#         333
  C:0E5BH         LINE#         334
  C:0E5BH         LINE#         335
  C:0E68H         LINE#         336
  C:0E68H         LINE#         337
  C:0E72H         LINE#         338
  C:0E78H         LINE#         339
  C:0E7AH         LINE#         340
  C:0E7AH         LINE#         341
  C:0E84H         LINE#         342
  C:0E8AH         LINE#         343
  C:0E8CH         LINE#         344
  C:0E8CH         LINE#         345
  C:0E96H         LINE#         346
  C:0E9CH         LINE#         347
  C:0E9EH         LINE#         348
  C:0E9EH         LINE#         351
  C:0E9EH         LINE#         352
  C:0E9EH         LINE#         353
  C:0E9EH         LINE#         354
  C:0EA7H         LINE#         355
  C:0EA7H         LINE#         356
  C:0EB1H         LINE#         357
  C:0EB7H         LINE#         358
  C:0EB9H         LINE#         359
  C:0EB9H         LINE#         360
  C:0EC3H         LINE#         361
  C:0EC9H         LINE#         362
  C:0ECBH         LINE#         363
  C:0ECBH         LINE#         364
  C:0ECBH         LINE#         365
  C:0ECDH         LINE#         366
  C:0ECDH         LINE#         367
  C:0ECDH         LINE#         369
  C:0ECDH         LINE#         370
  C:0ED3H         LINE#         371
  C:0ED3H         LINE#         373
  C:0ED3H         LINE#         374
  C:0EE2H         LINE#         375
BL51 BANKED LINKER/LOCATER V6.22                                                      07/02/2020  14:45:55  PAGE 10


  C:0EF3H         LINE#         376
  C:0EF9H         LINE#         377
  C:0EFCH         LINE#         378
  C:0F03H         LINE#         379
  C:0F06H         LINE#         380
  C:0F06H         LINE#         381
  C:0F0EH         LINE#         382
  C:0F11H         LINE#         383
  C:0F11H         LINE#         384
  C:0F19H         LINE#         385
  C:0F25H         LINE#         386
  C:0F27H         LINE#         387
  C:0F27H         LINE#         388
  C:0F27H         LINE#         389
  C:0F2FH         LINE#         390
  C:0F30H         LINE#         391
  C:0F32H         LINE#         392
  C:0F32H         LINE#         393
  C:0F39H         LINE#         394
  C:0F3BH         LINE#         395
  C:0F3EH         LINE#         396
  C:0F3EH         LINE#         397
  C:0F3EH         LINE#         398
  C:0F41H         LINE#         399
  C:0F41H         LINE#         400
  C:0F4BH         LINE#         401
  C:0F5CH         LINE#         402
  C:0F5CH         LINE#         403
  C:0F5FH         LINE#         404
  C:0F61H         LINE#         405
  C:0F61H         LINE#         406
  C:0F64H         LINE#         407
  C:0F66H         LINE#         408
  C:0F66H         LINE#         409
  C:0F6FH         LINE#         410
  C:0F71H         LINE#         411
  C:0F71H         LINE#         412
  C:0F78H         LINE#         413
  C:0F7AH         LINE#         414
  C:0F7AH         LINE#         415
  C:0F7AH         LINE#         416
  C:0F7CH         LINE#         417
  C:0F7CH         LINE#         418
  C:0F7CH         LINE#         419
  C:0F7CH         LINE#         420
  C:0F7EH         LINE#         421
  C:0F7EH         LINE#         422
  C:0F83H         LINE#         423
  C:0F92H         LINE#         424
  C:0F94H         LINE#         425
  C:0F94H         LINE#         426
  C:0F99H         LINE#         427
  C:0F9BH         LINE#         428
  C:0FAAH         LINE#         429
  C:0FACH         LINE#         430
  C:0FAEH         LINE#         431
  C:0FAEH         LINE#         432
BL51 BANKED LINKER/LOCATER V6.22                                                      07/02/2020  14:45:55  PAGE 11


  C:0FAEH         LINE#         433
  C:0FB0H         LINE#         435
  C:0FB0H         LINE#         436
  C:0FB8H         LINE#         437
  C:0FCDH         LINE#         438
  C:0FCDH         LINE#         439
  C:0FCDH         LINE#         440
  C:0FCDH         LINE#         441
  C:0FCDH         LINE#         442
  C:0FCDH         LINE#         443
  C:0FCDH         LINE#         444
  C:0FCDH         LINE#         445
  C:0FCDH         LINE#         446
  C:0FD5H         LINE#         447
  C:0FD7H         LINE#         448
  C:0FD7H         LINE#         449
  C:0FD7H         LINE#         450
  C:0FD7H         LINE#         451
  C:0FD7H         LINE#         452
  C:0FD7H         LINE#         453
  C:0FD7H         LINE#         454
  C:0FD9H         LINE#         455
  C:0FD9H         LINE#         456
  C:0FD9H         LINE#         457
  C:0FDFH         LINE#         461
  C:0FDFH         LINE#         462
  C:0FE7H         LINE#         463
  C:0FEDH         LINE#         464
  C:0FF3H         LINE#         465
  C:0FF6H         LINE#         466
  C:0FFFH         LINE#         468
  C:1000H         LINE#         469
  C:1000H         LINE#         470
  C:1002H         LINE#         471
  C:1002H         LINE#         472
  C:1004H         LINE#         473
  C:100AH         LINE#         474
  C:100AH         LINE#         476
  C:100DH         LINE#         477
  C:100DH         LINE#         478
  C:100DH         LINE#         479
  C:1015H         LINE#         480
  C:1015H         LINE#         481
  C:1015H         LINE#         482
  C:1015H         LINE#         484
  C:1015H         LINE#         486
  C:1015H         LINE#         487
  C:1015H         LINE#         489
  C:1015H         LINE#         490
  C:1015H         LINE#         492
  C:1015H         LINE#         493
  C:1015H         LINE#         495
  C:1015H         LINE#         496
  C:1015H         LINE#         498
  C:1015H         LINE#         499
  C:1015H         LINE#         501
  C:1015H         LINE#         502
BL51 BANKED LINKER/LOCATER V6.22                                                      07/02/2020  14:45:55  PAGE 12


  C:1015H         LINE#         503
  C:101CH         LINE#         505
  C:101EH         LINE#         506
  C:101EH         LINE#         507
  C:101EH         LINE#         508
  C:1023H         LINE#         510
  C:1023H         LINE#         511
  C:1029H         LINE#         512
  C:1029H         LINE#         513
  C:1029H         LINE#         514
  C:1029H         LINE#         515
  C:1029H         LINE#         519
  C:1029H         LINE#         521
  C:1029H         LINE#         523
  C:1029H         LINE#         525
  C:1033H         LINE#         526
  C:1033H         LINE#         527
  C:103AH         LINE#         528
  C:103EH         LINE#         532
  C:1041H         LINE#         533
  C:1044H         LINE#         534
  C:1046H         LINE#         535
  C:1048H         LINE#         537
  C:1048H         LINE#         539
  C:1051H         LINE#         540
  C:1051H         LINE#         544
  C:1051H         LINE#         545
  C:1051H         LINE#         546
  C:1051H         LINE#         547
  C:1051H         LINE#         548
  C:1051H         LINE#         550
  C:1051H         LINE#         551
  C:1051H         LINE#         552
  C:1054H         LINE#         553
  C:105AH         LINE#         554
  C:105FH         LINE#         555
  C:105FH         LINE#         556
  C:1062H         LINE#         557
  C:1067H         LINE#         558
  C:1069H         LINE#         559
  C:1069H         LINE#         563
  C:106EH         LINE#         564
  C:106EH         LINE#         566
  C:1079H         LINE#         569
  -------         ENDPROC       USB_DEVICEINTERRUPT
  -------         PROC          INITUSB_DEVICE
  C:1E32H         LINE#         572
  C:1E32H         LINE#         573
  C:1E32H         LINE#         574
  C:1E34H         LINE#         575
  C:1E37H         LINE#         577
  C:1E3AH         LINE#         578
  C:1E3DH         LINE#         579
  C:1E40H         LINE#         582
  C:1E40H         LINE#         583
  C:1E40H         LINE#         584
  C:1E40H         LINE#         585
BL51 BANKED LINKER/LOCATER V6.22                                                      07/02/2020  14:45:55  PAGE 13


  C:1E40H         LINE#         586
  C:1E40H         LINE#         588
  C:1E40H         LINE#         589
  C:1E40H         LINE#         590
  C:1E43H         LINE#         591
  C:1E48H         LINE#         592
  C:1E4EH         LINE#         593
  C:1E4EH         LINE#         594
  C:1E51H         LINE#         595
  C:1E53H         LINE#         596
  -------         ENDPROC       INITUSB_DEVICE
  -------         ENDMOD        USB

  -------         MODULE        DEBUG
  C:0000H         SYMBOL        _ICE_DUMMY_
  D:0080H         PUBLIC        P0
  D:0090H         PUBLIC        P1
  D:00A0H         PUBLIC        P2
  D:00B0H         PUBLIC        P3
  D:00C0H         PUBLIC        P4
  B:00A8H.6       PUBLIC        E_DIS
  C:1C64H         PUBLIC        mInitSTDIO
  D:00E8H         PUBLIC        IE_EX
  D:00A8H         PUBLIC        IE
  C:0032H         PUBLIC        CH555UART0Alter
  D:00B8H         PUBLIC        IP
  B:0098H.1       PUBLIC        TI
  D:00B9H         PUBLIC        CLOCK_CFG
  C:0003H         PUBLIC        _mDelaymS
  C:001EH         PUBLIC        _mDelayuS
  B:00C8H.5       PUBLIC        RCLK
  B:00C8H.4       PUBLIC        TCLK
  D:0087H         PUBLIC        PCON
  D:0098H         PUBLIC        SCON
  D:0089H         PUBLIC        TMOD
  D:0088H         PUBLIC        TCON
  C:1E75H         PUBLIC        CfgFsys
  D:00F8H         PUBLIC        SPI0_STAT
  D:008DH         PUBLIC        TH1
  B:0098H.7       PUBLIC        SM0
  B:0098H.6       PUBLIC        SM1
  B:0098H.5       PUBLIC        SM2
  B:0088H.6       PUBLIC        TR1
  D:00A1H         PUBLIC        SAFE_MOD
  D:00AEH         PUBLIC        P6_OUT_PU
  D:00C9H         PUBLIC        T2MOD
  D:00C8H         PUBLIC        T2CON
  D:00D0H         PUBLIC        PSW
  C:1084H         PUBLIC        _putchar
  C:1E54H         SYMBOL        Com001E
  C:1E54H         SYMBOL        L?0031
  C:1E67H         SYMBOL        L?0032
  C:1E67H         SYMBOL        L?0033
  -------         PROC          COM001E
  -------         ENDPROC       COM001E
  -------         PROC          CFGFSYS
  C:1E75H         LINE#         20
BL51 BANKED LINKER/LOCATER V6.22                                                      07/02/2020  14:45:55  PAGE 14


  C:1E75H         LINE#         21
  C:1E75H         LINE#         28
  C:1E78H         LINE#         29
  C:1E7BH         LINE#         30
  C:1E7EH         LINE#         31
  C:1E81H         LINE#         33
  C:1E84H         LINE#         34
  C:1E87H         LINE#         36
  C:1E8FH         LINE#         59
  C:1E92H         LINE#         60
  -------         ENDPROC       CFGFSYS
  -------         PROC          _MDELAYUS
  D:0006H         SYMBOL        n
  C:001EH         LINE#         69
  C:001EH         LINE#         70
  C:001EH         LINE#         71
  C:0022H         LINE#         72
  C:0022H         LINE#         75
  C:0022H         LINE#         78
  C:0022H         LINE#         81
  C:0022H         LINE#         84
  C:0022H         LINE#         87
  C:0022H         LINE#         90
  C:0022H         LINE#         93
  C:0022H         LINE#         96
  C:0025H         LINE#         99
  C:0027H         LINE#         102
  C:0027H         LINE#         105
  C:0027H         LINE#         108
  C:0027H         LINE#         111
  C:0027H         LINE#         114
  C:0027H         LINE#         117
  C:0027H         LINE#         120
  C:0027H         LINE#         123
  C:0027H         LINE#         126
  C:002AH         LINE#         141
  C:002FH         LINE#         142
  C:0031H         LINE#         143
  -------         ENDPROC       _MDELAYUS
  -------         PROC          _MDELAYMS
  D:0004H         SYMBOL        n
  C:0003H         LINE#         153
  C:0007H         LINE#         154
  C:0007H         LINE#         155
  C:000BH         LINE#         156
  C:000BH         LINE#         157
  C:0012H         LINE#         158
  C:0017H         LINE#         159
  C:0019H         LINE#         160
  -------         ENDPROC       _MDELAYMS
  -------         PROC          CH555UART0ALTER
  C:0032H         LINE#         169
  C:0032H         LINE#         170
  C:0032H         LINE#         171
  C:0039H         LINE#         172
  -------         ENDPROC       CH555UART0ALTER
  -------         PROC          MINITSTDIO
BL51 BANKED LINKER/LOCATER V6.22                                                      07/02/2020  14:45:55  PAGE 15


  -------         DO            
  X:068AH         SYMBOL        x
  X:068EH         SYMBOL        x2
  -------         ENDDO         
  C:1C64H         LINE#         182
  C:1C64H         LINE#         183
  C:1C64H         LINE#         187
  C:1C66H         LINE#         188
  C:1C68H         LINE#         189
  C:1C6AH         LINE#         191
  C:1C6CH         LINE#         192
  C:1C6EH         LINE#         193
  C:1C71H         LINE#         194
  C:1C7BH         LINE#         195
  C:1C8DH         LINE#         196
  C:1CA0H         LINE#         197
  C:1CBEH         LINE#         199
  C:1CC6H         LINE#         200
  C:1CC9H         LINE#         201
  C:1CD4H         LINE#         202
  C:1CD6H         LINE#         203
  C:1CD8H         LINE#         205
  -------         ENDPROC       MINITSTDIO
  -------         PROC          _PUTCHAR
  D:0007H         SYMBOL        c
  C:1084H         LINE#         214
  C:1084H         LINE#         215
  C:1084H         LINE#         216
  C:1086H         LINE#         220
  C:1089H         LINE#         221
  C:1093H         LINE#         222
  C:109DH         LINE#         223
  C:10A7H         LINE#         224
  C:10B1H         LINE#         225
  C:10B5H         LINE#         229
  C:10BEH         LINE#         230
  C:10C1H         LINE#         231
  C:10C6H         LINE#         232
  C:10D0H         LINE#         233
  C:10DAH         LINE#         234
  C:10E4H         LINE#         235
  C:10EEH         LINE#         236
  C:10F2H         LINE#         240
  C:10FAH         LINE#         241
  C:10FDH         LINE#         242
  C:1102H         LINE#         243
  C:110CH         LINE#         244
  C:1116H         LINE#         245
  C:1120H         LINE#         246
  C:112AH         LINE#         247
  C:112EH         LINE#         251
  C:1136H         LINE#         252
  C:1139H         LINE#         253
  C:113EH         LINE#         254
  C:1148H         LINE#         255
  C:1152H         LINE#         256
  C:115CH         LINE#         257
BL51 BANKED LINKER/LOCATER V6.22                                                      07/02/2020  14:45:55  PAGE 16


  C:1166H         LINE#         258
  C:116AH         LINE#         262
  C:1172H         LINE#         263
  C:1175H         LINE#         264
  C:117AH         LINE#         265
  C:1184H         LINE#         266
  C:118EH         LINE#         267
  C:1198H         LINE#         268
  C:11A2H         LINE#         269
  C:11A6H         LINE#         273
  C:11AEH         LINE#         274
  C:11B1H         LINE#         275
  C:11B6H         LINE#         276
  C:11C0H         LINE#         277
  C:11CAH         LINE#         278
  C:11D4H         LINE#         279
  C:11D8H         LINE#         283
  C:11E0H         LINE#         284
  C:11E3H         LINE#         285
  C:11E8H         LINE#         286
  C:11F2H         LINE#         287
  C:11FCH         LINE#         288
  C:1206H         LINE#         289
  C:120AH         LINE#         294
  C:1212H         LINE#         295
  C:1215H         LINE#         296
  C:121AH         LINE#         297
  C:1224H         LINE#         298
  C:122EH         LINE#         299
  C:1238H         LINE#         300
  C:123CH         LINE#         305
  C:1244H         LINE#         306
  C:1247H         LINE#         307
  C:124CH         LINE#         308
  C:1256H         LINE#         309
  C:1260H         LINE#         310
  C:126AH         LINE#         311
  C:126EH         LINE#         315
  C:1271H         LINE#         316
  C:127BH         LINE#         317
  C:1285H         LINE#         318
  C:128FH         LINE#         319
  C:1293H         LINE#         320
  C:1295H         LINE#         321
  C:1295H         LINE#         322
  -------         ENDPROC       _PUTCHAR
  -------         ENDMOD        DEBUG

  -------         MODULE        RGBLED
  C:0000H         SYMBOL        _ICE_DUMMY_
  D:0080H         PUBLIC        P0
  X:0000H         PUBLIC        HIDKey
  D:0090H         PUBLIC        P1
  D:00A6H         PUBLIC        LED_COMMON
  D:00A0H         PUBLIC        P2
  D:00B0H         PUBLIC        P3
  B:00E8H.5       PUBLIC        IE_PWM_I2C
BL51 BANKED LINKER/LOCATER V6.22                                                      07/02/2020  14:45:55  PAGE 17


  D:00C0H         PUBLIC        P4
  D:00C1H         PUBLIC        P4_LED_KEY
  X:0008H         PUBLIC        RGBdataBuffer1
  D:00C6H         PUBLIC        LED_DMA
  D:00E8H         PUBLIC        IE_EX
  C:15CFH         PUBLIC        _key_up_data
  D:00A8H         PUBLIC        IE
  B:0020H.0       PUBLIC        key_up
  D:0021H         PUBLIC        incre
  D:00B8H         PUBLIC        IP
  C:003EH         PUBLIC        init_Timer
  D:00F7H         PUBLIC        LED_STATUS
  D:00A7H         PUBLIC        LED_PWM_OE
  C:1458H         PUBLIC        LED_INT
  C:1DBCH         PUBLIC        paramInit
  X:0208H         PUBLIC        count
  B:0020H.1       PUBLIC        scan_count
  D:0098H         PUBLIC        SCON
  D:00C4H         PUBLIC        P0_MOD_OC
  D:0089H         PUBLIC        TMOD
  D:0088H         PUBLIC        TCON
  D:0092H         PUBLIC        P1_MOD_OC
  D:0094H         PUBLIC        P2_MOD_OC
  D:0096H         PUBLIC        P3_MOD_OC
  B:0020H.2       PUBLIC        temp
  D:00C2H         PUBLIC        P4_MOD_OC
  B:0020H.3       PUBLIC        IsCode
  D:00F8H         PUBLIC        SPI0_STAT
  D:0022H         PUBLIC        buf
  I:0011H         PUBLIC        timeCount
  C:1B69H         PUBLIC        key_board_tale
  D:00E0H         PUBLIC        ACC
  C:1CD9H         PUBLIC        InitRGBLED
  B:00A8H.3       PUBLIC        ET1
  D:008DH         PUBLIC        TH1
  C:1E93H         PUBLIC        _mTimer1SetData
  D:008BH         PUBLIC        TL1
  X:0209H         PUBLIC        scan_key
  X:0248H         PUBLIC        NewKey
  X:0249H         PUBLIC        RGBdataBuffer
  C:19C4H         PUBLIC        showLogo
  B:0088H.6       PUBLIC        TR1
  C:1EA1H         PUBLIC        _mTimer1ModSetup
  C:1DFCH         PUBLIC        enp1IntIn
  D:0036H         PUBLIC        BufferAddr
  X:0449H         PUBLIC        back_key_buf
  D:0038H         PUBLIC        RGBMode
  I:0012H         PUBLIC        RGB_stauts
  D:00C9H         PUBLIC        T2MOD
  D:00C8H         PUBLIC        T2CON
  X:0451H         PUBLIC        key_buf
  C:1296H         PUBLIC        _Key_Porcess
  C:1914H         PUBLIC        mTimer1Interrupt
  D:00D0H         PUBLIC        PSW
  C:16B6H         SYMBOL        Com0059
  C:16B6H         SYMBOL        L?0090
  C:16B6H         SYMBOL        L?0091
BL51 BANKED LINKER/LOCATER V6.22                                                      07/02/2020  14:45:55  PAGE 18


  C:16CAH         SYMBOL        L?0092
  C:16CAH         SYMBOL        L?0093
  C:16CDH         SYMBOL        L?0094
  C:16D0H         SYMBOL        L?0095
  C:16D8H         SYMBOL        L?0096
  C:16D8H         SYMBOL        L?0097
  C:16E6H         SYMBOL        L?0098
  C:16E8H         SYMBOL        L?0099
  C:16ECH         SYMBOL        L?0100
  C:16F5H         SYMBOL        L?0103
  C:1701H         SYMBOL        L?0104
  C:1709H         SYMBOL        L?0105
  C:1712H         SYMBOL        L?0106
  C:1715H         SYMBOL        L?0107
  C:171DH         SYMBOL        L?0108
  C:1721H         SYMBOL        L?0109
  C:172CH         SYMBOL        L?0110
  C:172CH         SYMBOL        L?0111
  C:1733H         SYMBOL        L?0112
  C:1739H         SYMBOL        L?0113
  C:1742H         SYMBOL        L?0114
  C:1743H         SYMBOL        L?0115
  C:174EH         SYMBOL        L?0116
  C:1757H         SYMBOL        L?0117
  C:175EH         SYMBOL        L?0118
  C:175EH         SYMBOL        L?0119
  C:1768H         SYMBOL        L?0120
  C:1768H         SYMBOL        L?0121
  C:1772H         SYMBOL        L?0122
  C:1773H         SYMBOL        L?0123
  C:177CH         SYMBOL        L?0124
  C:1780H         SYMBOL        L?0125
  C:1787H         SYMBOL        L?0126
  C:1787H         SYMBOL        L?0127
  C:178EH         SYMBOL        L?0128
  C:178EH         SYMBOL        L?0129
  -------         PROC          COM0059
  -------         ENDPROC       COM0059
  -------         PROC          INITRGBLED
  C:1CD9H         LINE#         20
  C:1CD9H         LINE#         21
  C:1CD9H         LINE#         22
  C:1CE2H         LINE#         23
  C:1CE8H         LINE#         24
  C:1CEFH         LINE#         25
  C:1CF3H         LINE#         26
  C:1CF8H         LINE#         27
  C:1CFCH         LINE#         28
  C:1D00H         LINE#         29
  C:1D0CH         LINE#         30
  C:1D0EH         LINE#         31
  C:1D14H         LINE#         32
  C:1D17H         LINE#         33
  C:1D1AH         LINE#         34
  C:1D20H         LINE#         35
  C:1D23H         LINE#         36
  C:1D25H         LINE#         38
BL51 BANKED LINKER/LOCATER V6.22                                                      07/02/2020  14:45:55  PAGE 19


  -------         ENDPROC       INITRGBLED
  C:1A3BH         SYMBOL        L?0102
  -------         PROC          SHOWLOGO
  -------         DO            
  D:0007H         SYMBOL        i
  -------         ENDDO         
  C:19C4H         LINE#         41
  C:19C4H         LINE#         42
  C:19C4H         LINE#         46
  C:19C6H         LINE#         47
  C:19D3H         LINE#         48
  C:19E2H         LINE#         49
  C:19EDH         LINE#         50
  C:19FDH         LINE#         51
  C:1A02H         LINE#         52
  C:1A04H         LINE#         53
  C:1A05H         LINE#         54
  C:1A0CH         LINE#         55
  C:1A13H         LINE#         56
  C:1A1CH         LINE#         57
  C:1A21H         LINE#         58
  C:1A28H         LINE#         59
  C:1A2EH         LINE#         60
  C:1A32H         LINE#         61
  C:1A32H         LINE#         62
  C:1A32H         LINE#         63
  C:1A32H         LINE#         64
  C:1A35H         LINE#         65
  C:1A35H         LINE#         66
  C:1A35H         LINE#         67
  C:1A35H         LINE#         68
  C:1A3BH         LINE#         69
  -------         ENDPROC       SHOWLOGO
  -------         PROC          PARAMINIT
  C:1DBCH         LINE#         123
  C:1DBCH         LINE#         124
  C:1DBCH         LINE#         125
  C:1DBEH         LINE#         126
  C:1DC3H         LINE#         127
  C:1DC5H         LINE#         128
  C:1DCDH         LINE#         129
  C:1DD2H         LINE#         130
  C:1DDDH         LINE#         131
  C:1DE2H         LINE#         132
  C:1DE6H         LINE#         133
  C:1DEDH         LINE#         134
  C:1DF0H         LINE#         135
  -------         ENDPROC       PARAMINIT
  -------         PROC          ENP1INTIN
  C:1DFCH         LINE#         140
  C:1DFCH         LINE#         141
  C:1DFCH         LINE#         143
  C:1E04H         LINE#         144
  C:1E17H         LINE#         145
  C:1E1CH         LINE#         146
  C:1E24H         LINE#         147
  C:1E2AH         LINE#         148
BL51 BANKED LINKER/LOCATER V6.22                                                      07/02/2020  14:45:55  PAGE 20


  C:1E31H         LINE#         149
  -------         ENDPROC       ENP1INTIN
  C:169BH         SYMBOL        L?0101
  -------         PROC          _KEY_UP_DATA
  X:0685H         SYMBOL        pupdata
  X:0688H         SYMBOL        len
  -------         DO            
  X:0689H         SYMBOL        i
  -------         ENDDO         
  C:15CFH         LINE#         151
  C:15D8H         LINE#         152
  C:15D8H         LINE#         154
  C:15E1H         LINE#         155
  C:15FBH         LINE#         156
  C:1600H         LINE#         157
  C:1605H         LINE#         158
  C:1610H         LINE#         159
  C:161BH         LINE#         160
  C:161EH         LINE#         161
  C:1625H         LINE#         162
  C:1627H         LINE#         163
  C:1631H         LINE#         164
  C:1636H         LINE#         165
  C:1636H         LINE#         166
  C:163CH         LINE#         167
  C:1642H         LINE#         168
  C:1655H         LINE#         169
  C:166BH         LINE#         170
  C:1683H         LINE#         171
  C:1689H         LINE#         172
  C:1691H         LINE#         173
  C:169AH         LINE#         174
  C:169AH         LINE#         176
  C:169AH         LINE#         177
  C:169AH         LINE#         178
  -------         ENDPROC       _KEY_UP_DATA
  -------         PROC          _KEY_PORCESS
  X:0668H         SYMBOL        num
  -------         DO            
  X:0669H         SYMBOL        i
  X:066AH         SYMBOL        j
  D:0007H         SYMBOL        s
  X:066BH         SYMBOL        p1
  X:066EH         SYMBOL        p2
  X:0671H         SYMBOL        buff
  -------         ENDDO         
  C:1296H         LINE#         180
  C:129BH         LINE#         181
  C:129BH         LINE#         185
  C:12A9H         LINE#         186
  C:12A9H         LINE#         187
  C:12CDH         LINE#         188
  C:12D0H         LINE#         189
  C:12E7H         LINE#         190
  C:12EDH         LINE#         191
  C:12EDH         LINE#         192
  C:12F2H         LINE#         195
BL51 BANKED LINKER/LOCATER V6.22                                                      07/02/2020  14:45:55  PAGE 21


  C:12FFH         LINE#         196
  C:12FFH         LINE#         197
  C:131CH         LINE#         198
  C:131FH         LINE#         199
  C:1325H         LINE#         200
  C:1325H         LINE#         201
  C:132AH         LINE#         204
  C:132FH         LINE#         205
  C:133CH         LINE#         206
  C:1347H         LINE#         207
  C:1352H         LINE#         208
  C:1352H         LINE#         209
  C:1360H         LINE#         210
  C:136BH         LINE#         211
  C:137BH         LINE#         212
  C:137BH         LINE#         213
  C:1385H         LINE#         214
  C:138AH         LINE#         215
  C:138DH         LINE#         216
  C:13A3H         LINE#         217
  C:13ABH         LINE#         219
  C:13B0H         LINE#         220
  C:13BDH         LINE#         222
  C:13CCH         LINE#         223
  C:13CEH         LINE#         224
  C:13D9H         LINE#         225
  C:13D9H         LINE#         226
  C:13D9H         LINE#         227
  C:13DCH         LINE#         228
  C:13DCH         LINE#         229
  C:13E4H         LINE#         230
  C:13E4H         LINE#         231
  C:13E7H         LINE#         232
  C:13E7H         LINE#         233
  C:13EFH         LINE#         234
  C:13EFH         LINE#         235
  C:13F2H         LINE#         236
  C:13F2H         LINE#         237
  C:13FAH         LINE#         238
  C:13FAH         LINE#         239
  C:13FDH         LINE#         240
  C:13FDH         LINE#         241
  C:1405H         LINE#         242
  C:1405H         LINE#         243
  C:1408H         LINE#         244
  C:1408H         LINE#         253
  C:1410H         LINE#         254
  C:1410H         LINE#         255
  C:1413H         LINE#         256
  C:1413H         LINE#         257
  C:141BH         LINE#         258
  C:141BH         LINE#         259
  C:141EH         LINE#         260
  C:141EH         LINE#         261
  C:1426H         LINE#         262
  C:1426H         LINE#         263
  C:1429H         LINE#         264
BL51 BANKED LINKER/LOCATER V6.22                                                      07/02/2020  14:45:55  PAGE 22


  C:1429H         LINE#         266
  C:142CH         LINE#         268
  C:1436H         LINE#         269
  C:144BH         LINE#         271
  C:1451H         LINE#         272
  C:1451H         LINE#         273
  C:1451H         LINE#         274
  C:1457H         LINE#         275
  -------         ENDPROC       _KEY_PORCESS
  -------         PROC          LED_INT
  -------         DO            
  D:0010H         SYMBOL        i
  -------         ENDDO         
  C:1458H         LINE#         276
  C:1465H         LINE#         279
  C:146EH         LINE#         282
  C:1473H         LINE#         283
  C:1476H         LINE#         284
  C:147CH         LINE#         285
  C:147FH         LINE#         286
  C:1485H         LINE#         287
  C:148FH         LINE#         288
  C:1491H         LINE#         289
  C:1494H         LINE#         290
  C:149CH         LINE#         291
  C:14A6H         LINE#         292
  C:14A8H         LINE#         293
  C:14AEH         LINE#         294
  C:14C0H         LINE#         295
  C:14C4H         LINE#         296
  C:14C4H         LINE#         298
  C:14CCH         LINE#         299
  C:14CCH         LINE#         300
  C:14CEH         LINE#         301
  C:14D1H         LINE#         302
  C:14D4H         LINE#         303
  C:14D9H         LINE#         304
  C:14DFH         LINE#         305
  C:14E1H         LINE#         306
  C:14E3H         LINE#         307
  C:14EBH         LINE#         308
  C:14F3H         LINE#         309
  C:14FDH         LINE#         310
  C:1504H         LINE#         311
  C:1504H         LINE#         312
  C:1504H         LINE#         313
  C:1506H         LINE#         314
  C:1506H         LINE#         315
  C:150BH         LINE#         316
  C:150BH         LINE#         317
  C:1513H         LINE#         318
  C:1516H         LINE#         322
  C:1519H         LINE#         323
  C:151CH         LINE#         326
  C:151DH         LINE#         327
  C:151EH         LINE#         328
  C:1522H         LINE#         329
BL51 BANKED LINKER/LOCATER V6.22                                                      07/02/2020  14:45:55  PAGE 23


  C:1527H         LINE#         330
  C:152CH         LINE#         331
  C:1531H         LINE#         332
  C:1536H         LINE#         333
  C:153CH         LINE#         335
  C:153FH         LINE#         336
  C:1542H         LINE#         337
  C:1545H         LINE#         338
  C:154BH         LINE#         343
  C:1551H         LINE#         345
  C:1561H         LINE#         346
  C:1565H         LINE#         347
  C:1568H         LINE#         348
  C:156BH         LINE#         349
  C:156BH         LINE#         350
  C:1572H         LINE#         351
  C:1576H         LINE#         352
  C:1579H         LINE#         353
  C:1579H         LINE#         354
  C:1580H         LINE#         355
  C:1585H         LINE#         356
  C:1588H         LINE#         357
  C:1588H         LINE#         358
  C:158FH         LINE#         359
  C:1594H         LINE#         360
  C:1597H         LINE#         361
  C:1597H         LINE#         362
  C:159EH         LINE#         363
  C:15A3H         LINE#         364
  C:15A6H         LINE#         365
  C:15A6H         LINE#         366
  C:15ADH         LINE#         367
  C:15B2H         LINE#         368
  C:15B5H         LINE#         369
  C:15B5H         LINE#         370
  C:15BCH         LINE#         371
  C:15C1H         LINE#         372
  C:15C4H         LINE#         373
  C:15C4H         LINE#         374
  C:15C4H         LINE#         375
  -------         ENDPROC       LED_INT
  -------         PROC          _MTIMER1MODSETUP
  D:0007H         SYMBOL        mode
  C:1EA1H         LINE#         388
  C:1EA1H         LINE#         389
  C:1EA1H         LINE#         390
  C:1EA4H         LINE#         391
  C:1EAAH         LINE#         392
  -------         ENDPROC       _MTIMER1MODSETUP
  -------         PROC          _MTIMER1SETDATA
  D:0006H         SYMBOL        dat
  -------         DO            
  D:0006H         SYMBOL        tmp
  -------         ENDDO         
  C:1E93H         LINE#         401
  C:1E93H         LINE#         402
  C:1E93H         LINE#         404
BL51 BANKED LINKER/LOCATER V6.22                                                      07/02/2020  14:45:55  PAGE 24


  C:1E9AH         LINE#         405
  C:1E9DH         LINE#         406
  C:1EA0H         LINE#         407
  -------         ENDPROC       _MTIMER1SETDATA
  -------         PROC          MTIMER1INTERRUPT
  C:1914H         LINE#         410
  C:1925H         LINE#         412
  C:192CH         LINE#         413
  C:192FH         LINE#         414
  C:1941H         LINE#         415
  C:1941H         LINE#         416
  C:1947H         LINE#         417
  C:1954H         LINE#         418
  C:1961H         LINE#         419
  C:1973H         LINE#         420
  C:1975H         LINE#         421
  C:1975H         LINE#         422
  C:197BH         LINE#         423
  C:197DH         LINE#         424
  C:197DH         LINE#         425
  C:197DH         LINE#         426
  C:197FH         LINE#         427
  C:197FH         LINE#         428
  C:198BH         LINE#         429
  C:1995H         LINE#         430
  C:19A8H         LINE#         431
  C:19AAH         LINE#         432
  C:19B0H         LINE#         434
  C:19B2H         LINE#         435
  C:19B2H         LINE#         436
  C:19B5H         LINE#         437
  C:19B5H         LINE#         438
  C:19B5H         LINE#         441
  -------         ENDPROC       MTIMER1INTERRUPT
  -------         PROC          INIT_TIMER
  C:003EH         LINE#         442
  C:003EH         LINE#         444
  C:0041H         LINE#         445
  C:0046H         LINE#         446
  C:004DH         LINE#         447
  C:004FH         LINE#         448
  C:0051H         LINE#         450
  -------         ENDPROC       INIT_TIMER
  -------         ENDMOD        RGBLED

  -------         MODULE        RGBLOAD
  C:1BE9H         SEGMENT       ?PR?LED_LOAD?RGBLOAD
  C:1C53H         PUBLIC        LED_LOAD_CODE
  C:1BE9H         PUBLIC        LED_LOAD_XRAM
  B:00D0H.6       SYMBOL        AC
  D:00E0H         SYMBOL        ACC
  D:00F6H         SYMBOL        ADC_CHAN
  D:00F3H         SYMBOL        ADC_CTRL
  D:00F5H         SYMBOL        ADC_DAT_H
  D:00F4H         SYMBOL        ADC_DAT_L
  B:0090H.0       SYMBOL        AIN0
  B:0090H.1       SYMBOL        AIN1
BL51 BANKED LINKER/LOCATER V6.22                                                      07/02/2020  14:45:55  PAGE 25


  B:0080H.2       SYMBOL        AIN10
  B:0080H.3       SYMBOL        AIN11
  B:0080H.4       SYMBOL        AIN12
  B:0080H.5       SYMBOL        AIN13
  B:0090H.2       SYMBOL        AIN2
  B:0090H.3       SYMBOL        AIN3
  B:0090H.4       SYMBOL        AIN4
  B:0090H.5       SYMBOL        AIN5
  B:0090H.6       SYMBOL        AIN6
  B:0090H.7       SYMBOL        AIN7
  B:0080H.0       SYMBOL        AIN8
  B:0080H.1       SYMBOL        AIN9
  D:00FDH         SYMBOL        A_INV
  D:00F0H         SYMBOL        B
  B:0090H.0       SYMBOL        CAP1
  B:00C8H.7       SYMBOL        CAP1F
  B:00A0H.4       SYMBOL        CAP1_
  B:0090H.1       SYMBOL        CAP2
  B:00A0H.5       SYMBOL        CAP2_
  D:00B9H         SYMBOL        CLOCK_CFG
  B:00C8H.0       SYMBOL        CP_RL2
  B:00D0H.7       SYMBOL        CY
  B:00C8H.1       SYMBOL        C_T2
  D:0083H         SYMBOL        DPH
  D:0082H         SYMBOL        DPL
  B:00A8H.7       SYMBOL        EA
  B:00A8H.4       SYMBOL        ES
  B:00A8H.1       SYMBOL        ET0
  B:00A8H.3       SYMBOL        ET1
  B:00A8H.5       SYMBOL        ET2
  B:00A8H.0       SYMBOL        EX0
  B:00A8H.2       SYMBOL        EX1
  B:00C8H.3       SYMBOL        EXEN2
  B:00C8H.6       SYMBOL        EXF2
  B:00A8H.6       SYMBOL        E_DIS
  B:00D0H.5       SYMBOL        F0
  B:00D0H.1       SYMBOL        F1
  D:00B1H         SYMBOL        GLOBAL_CFG
  D:00B2H         SYMBOL        GPIO_IE
  D:00BBH         SYMBOL        I2CS_INT_ST
  D:00B3H         SYMBOL        I2CX_INT
  D:00A8H         SYMBOL        IE
  B:0088H.1       SYMBOL        IE0
  B:0088H.3       SYMBOL        IE1
  B:00E8H.3       SYMBOL        IE_ADC
  D:00E8H         SYMBOL        IE_EX
  B:00E8H.6       SYMBOL        IE_GPIO
  B:00E8H.5       SYMBOL        IE_PWM_I2C
  B:00E8H.0       SYMBOL        IE_SPI0
  B:00E8H.4       SYMBOL        IE_UART1
  B:00E8H.1       SYMBOL        IE_USB
  B:00E8H.7       SYMBOL        IE_WDOG
  B:00B0H.2       SYMBOL        INT0
  B:0090H.2       SYMBOL        INT0_
  B:00B0H.3       SYMBOL        INT1
  D:00B8H         SYMBOL        IP
  D:00E9H         SYMBOL        IP_EX
BL51 BANKED LINKER/LOCATER V6.22                                                      07/02/2020  14:45:55  PAGE 26


  B:0088H.0       SYMBOL        IT0
  B:0088H.2       SYMBOL        IT1
  D:00A6H         SYMBOL        LED_COMMON
  C:1C0FH         SYMBOL        LED_COM_KEY
  C:1C1CH         SYMBOL        LED_COM_P0P3
  D:00C7H         SYMBOL        LED_DMA_H
  D:00C6H         SYMBOL        LED_DMA_L
  D:00A7H         SYMBOL        LED_PWM_OE
  D:00F7H         SYMBOL        LED_STATUS
  C:1BEDH         SYMBOL        LED_XRAM_LOOP
  B:0090H.6       SYMBOL        MISO
  B:0090H.5       SYMBOL        MOSI
  B:00D0H.2       SYMBOL        OV
  B:00D0H.0       SYMBOL        P
  D:0080H         SYMBOL        P0
  B:0080H.0       SYMBOL        P0_0
  B:0080H.1       SYMBOL        P0_1
  B:0080H.2       SYMBOL        P0_2
  B:0080H.3       SYMBOL        P0_3
  B:0080H.4       SYMBOL        P0_4
  B:0080H.5       SYMBOL        P0_5
  B:0080H.6       SYMBOL        P0_6
  B:0080H.7       SYMBOL        P0_7
  D:00C5H         SYMBOL        P0_DIR_PU
  D:00C4H         SYMBOL        P0_MOD_OC
  D:0090H         SYMBOL        P1
  B:0090H.0       SYMBOL        P1_0
  B:0090H.1       SYMBOL        P1_1
  B:0090H.2       SYMBOL        P1_2
  B:0090H.3       SYMBOL        P1_3
  B:0090H.4       SYMBOL        P1_4
  B:0090H.5       SYMBOL        P1_5
  B:0090H.6       SYMBOL        P1_6
  B:0090H.7       SYMBOL        P1_7
  D:0093H         SYMBOL        P1_DIR_PU
  D:0092H         SYMBOL        P1_MOD_OC
  D:00A0H         SYMBOL        P2
  B:00A0H.0       SYMBOL        P2_0
  B:00A0H.1       SYMBOL        P2_1
  B:00A0H.2       SYMBOL        P2_2
  B:00A0H.3       SYMBOL        P2_3
  B:00A0H.4       SYMBOL        P2_4
  B:00A0H.5       SYMBOL        P2_5
  B:00A0H.6       SYMBOL        P2_6
  B:00A0H.7       SYMBOL        P2_7
  D:0095H         SYMBOL        P2_DIR_PU
  D:0094H         SYMBOL        P2_MOD_OC
  D:00B0H         SYMBOL        P3
  B:00B0H.0       SYMBOL        P3_0
  B:00B0H.1       SYMBOL        P3_1
  B:00B0H.2       SYMBOL        P3_2
  B:00B0H.3       SYMBOL        P3_3
  B:00B0H.4       SYMBOL        P3_4
  B:00B0H.5       SYMBOL        P3_5
  B:00B0H.6       SYMBOL        P3_6
  B:00B0H.7       SYMBOL        P3_7
  D:0097H         SYMBOL        P3_DIR_PU
BL51 BANKED LINKER/LOCATER V6.22                                                      07/02/2020  14:45:55  PAGE 27


  D:0096H         SYMBOL        P3_MOD_OC
  D:00C0H         SYMBOL        P4
  B:00C0H.0       SYMBOL        P4_0
  B:00C0H.1       SYMBOL        P4_1
  B:00C0H.2       SYMBOL        P4_2
  B:00C0H.3       SYMBOL        P4_3
  B:00C0H.4       SYMBOL        P4_4
  B:00C0H.5       SYMBOL        P4_5
  B:00C0H.6       SYMBOL        P4_6
  D:00C3H         SYMBOL        P4_DIR_PU
  D:00C1H         SYMBOL        P4_LED_KEY
  D:00C2H         SYMBOL        P4_MOD_OC
  D:00AFH         SYMBOL        P6_DIR
  D:00ADH         SYMBOL        P6_IN
  D:00AEH         SYMBOL        P6_OUT_PU
  D:00F1H         SYMBOL        P7
  D:0087H         SYMBOL        PCON
  B:00B8H.7       SYMBOL        PH_FLAG
  B:00B8H.6       SYMBOL        PL_FLAG
  D:00BAH         SYMBOL        POWER_CFG
  B:00B8H.4       SYMBOL        PS
  D:00D0H         SYMBOL        PSW
  B:00B8H.1       SYMBOL        PT0
  B:00B8H.3       SYMBOL        PT1
  B:00B8H.5       SYMBOL        PT2
  B:00B8H.0       SYMBOL        PX0
  B:00B8H.2       SYMBOL        PX1
  B:0098H.2       SYMBOL        RB8
  D:00CBH         SYMBOL        RCAP2H
  D:00CAH         SYMBOL        RCAP2L
  B:00C8H.5       SYMBOL        RCLK
  B:0098H.4       SYMBOL        REN
  D:00FEH         SYMBOL        RESET_KEEP
  N:0000H         SYMBOL        RGBLOAD
  B:0098H.0       SYMBOL        RI
  D:0085H         SYMBOL        ROM_ADDR_H
  D:0084H         SYMBOL        ROM_ADDR_L
  D:0086H         SYMBOL        ROM_CTRL
  D:008FH         SYMBOL        ROM_DATA_HH
  D:008EH         SYMBOL        ROM_DATA_HL
  B:00D0H.3       SYMBOL        RS0
  B:00D0H.4       SYMBOL        RS1
  B:00B0H.0       SYMBOL        RXD
  B:00A0H.6       SYMBOL        RXD1
  B:0090H.6       SYMBOL        RXD1_
  B:0080H.2       SYMBOL        RXD_
  B:00F8H.3       SYMBOL        S0_FREE
  B:00F8H.7       SYMBOL        S0_FST_ACT
  B:00F8H.4       SYMBOL        S0_IF_BYTE
  B:00F8H.5       SYMBOL        S0_IF_FIRST
  B:00F8H.6       SYMBOL        S0_IF_OV
  B:00F8H.0       SYMBOL        S0_R_FIFO
  B:00F8H.2       SYMBOL        S0_T_FIFO
  D:00A1H         SYMBOL        SAFE_MOD
  D:00BEH         SYMBOL        SBAUD1
  D:0099H         SYMBOL        SBUF
  D:00BDH         SYMBOL        SBUF1
BL51 BANKED LINKER/LOCATER V6.22                                                      07/02/2020  14:45:55  PAGE 28


  B:0090H.7       SYMBOL        SCK
  B:0080H.0       SYMBOL        SCL0
  D:0098H         SYMBOL        SCON
  D:00BCH         SYMBOL        SCON1
  B:0090H.4       SYMBOL        SCS
  B:0080H.1       SYMBOL        SDA0
  D:00BFH         SYMBOL        SIF1
  B:0098H.7       SYMBOL        SM0
  B:0098H.6       SYMBOL        SM1
  B:0098H.5       SYMBOL        SM2
  D:0081H         SYMBOL        SP
  D:00FBH         SYMBOL        SPI0_CK_SE
  D:00FAH         SYMBOL        SPI0_CTRL
  D:00F9H         SYMBOL        SPI0_DATA
  D:00FCH         SYMBOL        SPI0_SETUP
  D:00F8H         SYMBOL        SPI0_STAT
  B:00B0H.4       SYMBOL        T0
  B:00B0H.5       SYMBOL        T1
  B:0090H.0       SYMBOL        T2
  D:00CFH         SYMBOL        T2CAP1H
  D:00CEH         SYMBOL        T2CAP1L
  D:00C8H         SYMBOL        T2CON
  B:0090H.1       SYMBOL        T2EX
  B:00A0H.5       SYMBOL        T2EX_
  D:00C9H         SYMBOL        T2MOD
  B:00A0H.4       SYMBOL        T2_
  C:1C23H         SYMBOL        TAB_COM_PIN
  B:0098H.3       SYMBOL        TB8
  B:00C8H.4       SYMBOL        TCLK
  D:0088H         SYMBOL        TCON
  B:0088H.5       SYMBOL        TF0
  B:0088H.7       SYMBOL        TF1
  B:00C8H.7       SYMBOL        TF2
  D:008CH         SYMBOL        TH0
  D:008DH         SYMBOL        TH1
  D:00CDH         SYMBOL        TH2
  B:0098H.1       SYMBOL        TI
  D:008AH         SYMBOL        TL0
  D:008BH         SYMBOL        TL1
  D:00CCH         SYMBOL        TL2
  D:0089H         SYMBOL        TMOD
  B:0088H.4       SYMBOL        TR0
  B:0088H.6       SYMBOL        TR1
  B:00C8H.2       SYMBOL        TR2
  B:00B0H.1       SYMBOL        TXD
  B:00A0H.7       SYMBOL        TXD1
  B:0090H.7       SYMBOL        TXD1_
  B:0080H.3       SYMBOL        TXD_
  D:00A9H         SYMBOL        WAKE_CTRL
  D:00FFH         SYMBOL        WDOG_COUNT
  D:00A2H         SYMBOL        XBUS_AUX
  C:1BE9H         LINE#         19
  C:1BEBH         LINE#         20
  C:1BEDH         LINE#         22
  C:1BEEH         LINE#         23
  C:1BEFH         LINE#         24
  C:1BF0H         LINE#         25
BL51 BANKED LINKER/LOCATER V6.22                                                      07/02/2020  14:45:55  PAGE 29


  C:1BF1H         LINE#         26
  C:1BF2H         LINE#         27
  C:1BF3H         LINE#         28
  C:1BF4H         LINE#         29
  C:1BF5H         LINE#         31
  C:1BF6H         LINE#         32
  C:1BF7H         LINE#         33
  C:1BF8H         LINE#         34
  C:1BF9H         LINE#         35
  C:1BFAH         LINE#         36
  C:1BFBH         LINE#         37
  C:1BFCH         LINE#         38
  C:1BFDH         LINE#         40
  C:1BFEH         LINE#         41
  C:1BFFH         LINE#         42
  C:1C00H         LINE#         43
  C:1C01H         LINE#         44
  C:1C02H         LINE#         45
  C:1C03H         LINE#         46
  C:1C04H         LINE#         47
  C:1C05H         LINE#         49
  C:1C06H         LINE#         50
  C:1C07H         LINE#         51
  C:1C08H         LINE#         52
  C:1C09H         LINE#         53
  C:1C0AH         LINE#         54
  C:1C0BH         LINE#         55
  C:1C0CH         LINE#         56
  C:1C0DH         LINE#         58
  C:1C0FH         LINE#         60
  C:1C11H         LINE#         61
  C:1C14H         LINE#         62
  C:1C16H         LINE#         63
  C:1C17H         LINE#         64
  C:1C18H         LINE#         65
  C:1C19H         LINE#         66
  C:1C1BH         LINE#         67
  C:1C1CH         LINE#         68
  C:1C1DH         LINE#         69
  C:1C1EH         LINE#         70
  C:1C1FH         LINE#         71
  C:1C22H         LINE#         72
  C:1C23H         LINE#         73
  C:1C25H         LINE#         74
  C:1C26H         LINE#         75
  C:1C28H         LINE#         76
  C:1C29H         LINE#         77
  C:1C2BH         LINE#         78
  C:1C2CH         LINE#         79
  C:1C2EH         LINE#         80
  C:1C2FH         LINE#         81
  C:1C31H         LINE#         82
  C:1C32H         LINE#         83
  C:1C34H         LINE#         84
  C:1C35H         LINE#         85
  C:1C37H         LINE#         86
  C:1C38H         LINE#         87
BL51 BANKED LINKER/LOCATER V6.22                                                      07/02/2020  14:45:55  PAGE 30


  C:1C3AH         LINE#         88
  C:1C3BH         LINE#         89
  C:1C3DH         LINE#         90
  C:1C3EH         LINE#         91
  C:1C40H         LINE#         92
  C:1C41H         LINE#         93
  C:1C43H         LINE#         94
  C:1C44H         LINE#         95
  C:1C46H         LINE#         96
  C:1C47H         LINE#         97
  C:1C49H         LINE#         98
  C:1C4AH         LINE#         99
  C:1C4CH         LINE#         100
  C:1C4DH         LINE#         101
  C:1C4FH         LINE#         102
  C:1C50H         LINE#         103
  C:1C52H         LINE#         104
  C:1C53H         LINE#         106
  C:1C54H         LINE#         107
  C:1C56H         LINE#         108
  C:1C58H         LINE#         109
  C:1C59H         LINE#         110
  C:1C5AH         LINE#         111
  C:1C5BH         LINE#         112
  C:1C5CH         LINE#         113
  C:1C5DH         LINE#         114
  C:1C5EH         LINE#         115
  C:1C5FH         LINE#         116
  C:1C60H         LINE#         117
  C:1C62H         LINE#         119
  -------         ENDMOD        RGBLOAD

  -------         MODULE        ?C?COPY
  C:0767H         PUBLIC        ?C?COPY
  -------         ENDMOD        ?C?COPY

  -------         MODULE        ?C?CLDPTR
  C:078DH         PUBLIC        ?C?CLDPTR
  -------         ENDMOD        ?C?CLDPTR

  -------         MODULE        ?C?CSTPTR
  C:07A6H         PUBLIC        ?C?CSTPTR
  -------         ENDMOD        ?C?CSTPTR

  -------         MODULE        ?C?SIDIV
  C:07B8H         PUBLIC        ?C?SIDIV
  -------         ENDMOD        ?C?SIDIV

  -------         MODULE        ?C?IILDX
  C:07EEH         PUBLIC        ?C?IILDX
  -------         ENDMOD        ?C?IILDX

  -------         MODULE        ?C?ULDIV
  C:0840H         PUBLIC        ?C?ULDIV
  -------         ENDMOD        ?C?ULDIV

  -------         MODULE        ?C?LSTXDATA
BL51 BANKED LINKER/LOCATER V6.22                                                      07/02/2020  14:45:55  PAGE 31


  C:08D2H         PUBLIC        ?C?LSTXDATA
  -------         ENDMOD        ?C?LSTXDATA

  -------         MODULE        ?C?LSTKXDATA
  C:08DEH         PUBLIC        ?C?LSTKXDATA
  -------         ENDMOD        ?C?LSTKXDATA

  -------         MODULE        ?C?CCASE
  C:090FH         PUBLIC        ?C?CCASE
  -------         ENDMOD        ?C?CCASE

  -------         MODULE        RAND
  X:068FH         PUBLIC        ?SRAND?BYTE
  C:1D26H         PUBLIC        RAND
  C:1D64H         PUBLIC        _SRAND
  -------         ENDMOD        RAND

  -------         MODULE        ?C?MEMCMP
  C:0ABBH         PUBLIC        ?C?MEMCMP
  -------         ENDMOD        ?C?MEMCMP

  -------         MODULE        ?C?MEMCHR
  C:0ADFH         PUBLIC        ?C?MEMCHR
  -------         ENDMOD        ?C?MEMCHR

  -------         MODULE        ?C?MEMSET
  C:0B27H         PUBLIC        ?C?MEMSET
  -------         ENDMOD        ?C?MEMSET

  -------         MODULE        ?C?UIDIV
  C:0B53H         PUBLIC        ?C?UIDIV
  -------         ENDMOD        ?C?UIDIV

  -------         MODULE        ?C?LLDXDATA
  C:0BA8H         PUBLIC        ?C?LLDXDATA
  -------         ENDMOD        ?C?LLDXDATA



INTER-MODULE CROSS-REFERENCE LISTING
------------------------------------


NAME . . . . . . . . USAGE    MODULE NAMES
------------------------------------------

?C?CCASE . . . . . . CODE;    ?C?CCASE  USB  
?C?CLDPTR. . . . . . CODE;    ?C?CLDPTR  RGBLED  
?C?COPY. . . . . . . CODE;    ?C?COPY  RGBLED  USB  
?C?CSTPTR. . . . . . CODE;    ?C?CSTPTR  RGBLED  
?C?IILDX . . . . . . CODE;    ?C?IILDX  RGBLED  USB  
?C?LLDXDATA. . . . . CODE;    ?C?LLDXDATA  RAND  
?C?LSTKXDATA . . . . CODE;    ?C?LSTKXDATA  DEBUG  
?C?LSTXDATA. . . . . CODE;    ?C?LSTXDATA  DEBUG  RAND  
?C?MEMCHR. . . . . . CODE;    ?C?MEMCHR  RGBLED  
?C?MEMCMP. . . . . . CODE;    ?C?MEMCMP  RGBLED  
?C?MEMSET. . . . . . CODE;    ?C?MEMSET  RGBLED  USB  
BL51 BANKED LINKER/LOCATER V6.22                                                      07/02/2020  14:45:55  PAGE 32


?C?SIDIV . . . . . . CODE;    ?C?SIDIV  RGBLED  
?C?UIDIV . . . . . . CODE;    ?C?UIDIV  ?C?SIDIV  
?C?ULDIV . . . . . . CODE;    ?C?ULDIV  DEBUG  
?C_INITSEGSTART. . . CODE;    ** L51 GENERATED **  
?C_START . . . . . . CODE;    ?C_INIT  ?C_STARTUP  
?C_STARTUP . . . . . CODE;    ?C_STARTUP  MAIN  
?SRAND?BYTE. . . . . XDATA;   RAND  
BACK_KEY_BUF . . . . XDATA;   RGBLED  
BUF. . . . . . . . . DATA;    RGBLED  
BUFFERADDR . . . . . DATA;    RGBLED  
CFGFSYS. . . . . . . CODE;    DEBUG  MAIN  
CH555UART0ALTER. . . CODE;    DEBUG  
COUNT. . . . . . . . XDATA;   RGBLED  
ENP1INTIN. . . . . . CODE;    RGBLED  
FEATURE. . . . . . . XDATA;   USB  
FLAG . . . . . . . . XDATA;   USB  RGBLED  
HIDKEY . . . . . . . XDATA;   RGBLED  
INCRE. . . . . . . . DATA;    RGBLED  
INITRGBLED . . . . . CODE;    RGBLED  MAIN  
INITUSB_DEVICE . . . CODE;    USB  MAIN  
INIT_TIMER . . . . . CODE;    RGBLED  MAIN  
ISCODE . . . . . . . BIT;     RGBLED  
KEYREPDESC . . . . . CODE;    USB  
KEY_BOARD_TALE . . . CODE;    RGBLED  
KEY_BUF. . . . . . . XDATA;   RGBLED  MAIN  
KEY_UP . . . . . . . BIT;     RGBLED  MAIN  
LED_INT. . . . . . . CODE;    RGBLED  
LED_LOAD_CODE. . . . CODE;    RGBLOAD  RGBLED  
LED_LOAD_XRAM. . . . CODE;    RGBLOAD  RGBLED  
MAIN . . . . . . . . CODE;    MAIN  ?C_INIT  
MINITSTDIO . . . . . CODE;    DEBUG  
MTIMER1INTERRUPT . . CODE;    RGBLED  
MYCFGDESCR . . . . . CODE;    USB  
MYDEVDESCR . . . . . CODE;    USB  
MYLANGDESCR. . . . . CODE;    USB  
MYMANUINFO . . . . . CODE;    USB  
MYPRODINFO . . . . . CODE;    USB  
MY_HID_REPORT_DESC . CODE;    USB  
NEWKEY . . . . . . . XDATA;   RGBLED  
PARAMINIT. . . . . . CODE;    RGBLED  MAIN  
RAND . . . . . . . . CODE;    RAND  RGBLED  
RGBDATABUFFER. . . . XDATA;   RGBLED  
RGBDATABUFFER1 . . . XDATA;   RGBLED  
RGBMODE. . . . . . . DATA;    RGBLED  USB  
RGB_STAUTS . . . . . IDATA;   RGBLED  
SCAN_COUNT . . . . . BIT;     RGBLED  
SCAN_KEY . . . . . . XDATA;   RGBLED  
SHOWLOGO . . . . . . CODE;    RGBLED  MAIN  
SLEEPWITHKEY . . . . CODE;    USB  
TEMP . . . . . . . . BIT;     RGBLED  
TIMECOUNT. . . . . . IDATA;   RGBLED  
USBCONFIG. . . . . . XDATA;   USB  MAIN  
USBRGBDATABUFFER . . XDATA;   USB  
USB_DEVICEINTERRUPT. CODE;    USB  
_KEY_PORCESS . . . . CODE;    RGBLED  
_KEY_UP_DATA . . . . CODE;    RGBLED  MAIN  
_MDELAYMS. . . . . . CODE;    DEBUG  MAIN  RGBLED  USB  
BL51 BANKED LINKER/LOCATER V6.22                                                      07/02/2020  14:45:55  PAGE 33


_MDELAYUS. . . . . . CODE;    DEBUG  
_MTIMER1MODSETUP . . CODE;    RGBLED  
_MTIMER1SETDATA. . . CODE;    RGBLED  
_PUTCHAR . . . . . . CODE;    DEBUG  RGBLED  USB  
_SRAND . . . . . . . CODE;    RAND  RGBLED  

*** WARNING L16: UNCALLED SEGMENT, IGNORED FOR OVERLAY PROCESS
    SEGMENT: ?PR?CH555UART0ALTER?DEBUG

*** WARNING L16: UNCALLED SEGMENT, IGNORED FOR OVERLAY PROCESS
    SEGMENT: ?PR?MINITSTDIO?DEBUG

Program Size: data=44.5 xdata=1683 code=7840
LINK/LOCATE RUN COMPLETE.  2 WARNING(S),  0 ERROR(S)
